scripts/generate-ios-icon.js(50,66): error TS1127: Invalid character.
scripts/generate-ios-icon.js(50,67): error TS1134: Variable declaration expected.
scripts/generate-ios-icon.js(67,1): error TS1005: '}' expected.
scripts/generate-ios-icon.js(67,1): error TS1160: Unterminated template literal.
